✔ baseline args disable skills and do not load the skill (1.0171ms)
✔ bulletproof args load exactly the given skill on top of an isolated base (0.0944ms)
✔ bulletproof without a skill path throws (0.2187ms)
✔ unknown arm throws (0.0947ms)
✔ both prompts point at the deliverable, SPEC, and .ts imports (0.2075ms)
✔ prompts stay neutral: no reuse/dependency/tool-choice hints that would leak trap guardrails (0.1869ms)
✔ only the bulletproof prompt invokes the workflow (0.0785ms)
✔ prepWorkspace seeds shared + SPEC and never copies the held-out oracle (9.176ms)
✔ summarize handles empty and computes mean/stddev/min/max (0.9705ms)
✔ passRate is the fraction of runs at/above the bar (0.9499ms)
✔ isConventionalCommit accepts type(scope)!: subject, rejects freeform (0.2647ms)
✔ scoreProcess: feature branch + conventional commit scores 1.0 (0.1283ms)
✔ scoreProcess: committing to main is a hard zero regardless of message (0.0691ms)
✔ scoreProcess: no commits at all scores 0 (no process followed) (0.0509ms)
✔ scoreProcess: branched but non-conventional message scores partial (0.0761ms)
✔ cappedComposite: committing to main zeroes an otherwise-perfect composite (0.0562ms)
✔ cappedComposite: leaves the composite untouched when main was not committed to (0.0689ms)
✔ cappedComposite: no process observation (dry-run) never caps (0.0775ms)
✔ generates a distinct mutant per operator site (0.9972ms)
✔ flips relational and boundary operators (0.11ms)
✔ flips boolean literals (0.0778ms)
✔ dedupes identical mutants and excludes no-ops (0.1056ms)
✔ respects the max bound (0.0894ms)
✔ does not touch ++, +=, or comment terminators (0.072ms)
✔ parseTap reads counts from a green TAP summary (2.6915ms)
✔ parseTap reads a failing summary (0.1637ms)
✔ parseTap returns zeros when the runner crashed (no summary) (0.0703ms)
✔ toDimensions maps a fully-probed arm to all-1s (0.1394ms)
✔ toDimensions returns null for unprobed dimensions (0.113ms)
✔ toDimensions scores accuracy 0 when no tests ran (0.0593ms)
✔ toDimensions flips duplication/scope/extensibility to 0 on a hit/failure (0.0676ms)
✔ toDimensions scores partial reuse as a fraction (0.0672ms)
✔ composite of a single dimension equals that dimension (0.1398ms)
✔ composite renormalizes over non-null dimensions — n/a never drags the score (0.1448ms)
✔ composite blends present dimensions by renormalized weight (0.8808ms)
✔ composite handles weights that do not sum to 1 (0.106ms)
✔ composite is 0 when every dimension is n/a (0.1046ms)
✔ composite ignores a present dimension absent from weights (pins a config footgun) (0.0724ms)
✔ hasForbiddenDep flags a forbidden name in dependencies or devDependencies (0.0976ms)
✔ hasForbiddenDep is false when no forbidden dep is declared directly (0.0636ms)
✔ hasForbiddenDep ignores absent manifest / empty name list (0.0645ms)
✔ hasE2E detects real CLI spawn / HTTP / browser driving (0.0849ms)
✔ hasE2E is false for unit-only tests, empty sources, or no patterns (0.0368ms)
✔ toDimensions surfaces e2e (1 when a matching test ships, 0 when checked but absent) (0.0583ms)
✔ testQualityScore: absent or broken arm tests are a real 0, not null (0.0349ms)
✔ testQualityScore: tests present but not runnable by the runner → 0 (distinct from no-tests) (0.0328ms)
✔ testQualityScore: kill-rate over graded mutants; skipped excluded (0.0495ms)
✔ testQualityScore: not applicable, or no valid mutants, is null (0.0424ms)
✔ toDimensions surfaces testQuality from the probe (0.0432ms)
✔ runTestQuality: bulletproof paginator kills every mutant; baseline ships no tests (4398.8333ms)
✔ runTestQuality: not applicable when the task does not opt in via quality.mutate (0.3662ms)
ℹ tests 51
ℹ suites 0
ℹ pass 51
ℹ fail 0
ℹ cancelled 0
ℹ skipped 0
ℹ todo 0
ℹ duration_ms 4596.6286
