✔ baseline args disable skills and do not load the skill (1.0511ms)
✔ bulletproof args load exactly the given skill on top of an isolated base (0.0923ms)
✔ bulletproof without a skill path throws (0.2359ms)
✔ unknown arm throws (0.0774ms)
✔ both prompts point at the deliverable, SPEC, and .ts imports (0.1978ms)
✔ prompts stay neutral: no reuse/dependency/tool-choice hints that would leak trap guardrails (0.211ms)
✔ only the bulletproof prompt invokes the workflow (0.0786ms)
✔ both arms allow task records without relaxing deliverable or seed boundaries (0.1396ms)
✔ skill bundle includes executable sibling imports, references and assets (30.3425ms)
✔ missing bundle payload fails and cleans only the owned partial directory (15.306ms)
✔ prepWorkspace seeds shared + SPEC and never copies the held-out oracle (4.7954ms)
✔ summarize handles empty and computes mean/stddev/min/max (0.2673ms)
✔ passRate is the fraction of runs at/above the bar (0.1018ms)
✔ isConventionalCommit accepts type(scope)!: subject, rejects freeform (0.2238ms)
✔ scoreProcess: feature branch + conventional commit scores 1.0 (0.1114ms)
✔ scoreProcess: committing to main is a hard zero regardless of message (0.042ms)
✔ scoreProcess: no commits at all scores 0 (no process followed) (0.0491ms)
✔ scoreProcess: branched but non-conventional message scores partial (0.0522ms)
✔ cappedComposite: committing to main zeroes an otherwise-perfect composite (0.0505ms)
✔ cappedComposite: leaves the composite untouched when main was not committed to (0.05ms)
✔ cappedComposite: no process observation (dry-run) never caps (0.0381ms)
✔ generates a distinct mutant per operator site (1.0115ms)
✔ flips relational and boundary operators (0.1277ms)
✔ flips boolean literals (0.0774ms)
✔ dedupes identical mutants and excludes no-ops (0.1083ms)
✔ respects the max bound (0.0973ms)
✔ does not touch ++, +=, or comment terminators (0.0748ms)
(node:25404) ExperimentalWarning: stripTypeScriptTypes is an experimental feature and might change at any time
(Use `node --trace-warnings ...` to show where the warning was created)
✔ native reporter counts only real leaves and explicitly serializes assertion causes (236.3779ms)
✔ test parents with nested subtests are containers, not duplicate leaves (225.5345ms)
✔ stdout spoofing is quoted data, never assertion proof (438.5924ms)
✔ zero tests, syntax errors and import failures cannot be kills (801.7012ms)
✔ setup and hooks take precedence over mixed genuine assertion failures (875.0787ms)
✔ skip/todo/cancellation and missing required baseline inventory are ungraded (1190.826ms)
✔ timeout and malformed/truncated reports fail closed (507.3716ms)
✔ syntax preflight uses the native TS parser without executing product code (360.7645ms)
(node:12628) ExperimentalWarning: stripTypeScriptTypes is an experimental feature and might change at any time
(Use `node --trace-warnings ...` to show where the warning was created)
✔ parseTap reads counts from a green TAP summary (2.5779ms)
✔ parseTap reads a failing summary (0.1773ms)
✔ parseTap returns zeros when the runner crashed (no summary) (0.0663ms)
✔ toDimensions maps a fully-probed arm to all-1s (0.1255ms)
✔ toDimensions returns null for unprobed dimensions (0.0954ms)
✔ toDimensions scores accuracy 0 when no tests ran (0.0583ms)
✔ toDimensions flips duplication/scope/extensibility to 0 on a hit/failure (0.0637ms)
✔ toDimensions scores partial reuse as a fraction (0.073ms)
✔ composite of a single dimension equals that dimension (0.1287ms)
✔ composite renormalizes over non-null dimensions — n/a never drags the score (0.1625ms)
✔ composite blends present dimensions by renormalized weight (0.1763ms)
✔ composite handles weights that do not sum to 1 (0.0738ms)
✔ composite is 0 when every dimension is n/a (0.0591ms)
✔ composite ignores a present dimension absent from weights (pins a config footgun) (0.0475ms)
✔ hasForbiddenDep flags a forbidden name in dependencies or devDependencies (0.1142ms)
✔ hasForbiddenDep is false when no forbidden dep is declared directly (0.0663ms)
✔ hasForbiddenDep ignores absent manifest / empty name list (0.0535ms)
✔ hasE2E detects real CLI spawn / HTTP / browser driving (0.0689ms)
✔ hasE2E is false for unit-only tests, empty sources, or no patterns (0.0369ms)
✔ toDimensions surfaces e2e (1 when a matching test ships, 0 when checked but absent) (0.0544ms)
✔ testQualityScore: absent or broken arm tests are a real 0, not null (0.0516ms)
✔ testQualityScore: tests present but not runnable by the runner → 0 (distinct from no-tests) (0.0405ms)
✔ testQualityScore: kill-rate over graded mutants; skipped excluded (0.046ms)
✔ testQualityScore: not applicable, or no valid mutants, is null (0.0441ms)
✔ toDimensions surfaces testQuality from the probe (0.0427ms)
✔ runTestQuality: bulletproof paginator kills every mutant; baseline ships no tests (4967.711ms)
✔ runTestQuality: not applicable when the task does not opt in via quality.mutate (0.3285ms)
✔ runTestQuality: native assertions kill, shallow tests survive, logs do not kill (1181.4119ms)
✔ runTestQuality: setup, spoofed error, zero/missing inventory and skip are not fake kills (2997.8487ms)
✔ runTestQuality: file wrappers and broken/skipped baselines retain eval zero semantics (1063.6143ms)
test_missing_review_pair_blocks_then_actual_handoff_record_unblocks (test_workflow_cli.WorkflowCliTests.test_missing_review_pair_blocks_then_actual_handoff_record_unblocks) ... ok

----------------------------------------------------------------------
Ran 1 test in 9.908s

OK
✔ missing review blocks; admitted attributed review permits dependent work (10683.678ms)
test_setup_vs_red_pair_uses_real_native_assertion (test_workflow_cli.WorkflowCliTests.test_setup_vs_red_pair_uses_real_native_assertion) ... ok

----------------------------------------------------------------------
Ran 1 test in 12.467s

OK
✔ setup failure is not behavioral red; actual matching assertion failure is (13214.1534ms)
test_stale_pair_fresh_process_reopens_only_affected_receipt (test_workflow_cli.WorkflowCliTests.test_stale_pair_fresh_process_reopens_only_affected_receipt) ... ok

----------------------------------------------------------------------
Ran 1 test in 19.133s

OK
✔ stale proof blocks; fresh public-CLI execution resumes without rewriting receipts (19754.3826ms)
test_metrics_pair_failure_capture_and_independent_work_not_fake_closure (test_workflow_cli.WorkflowCliTests.test_metrics_pair_failure_capture_and_independent_work_not_fake_closure) ... ok

----------------------------------------------------------------------
Ran 1 test in 10.392s

OK
✔ missing metrics blocks attachment; unrelated work works (positive quality closure unavailable) (11248.1199ms)
test_compatibility_pair_requires_accepted_pre_retirement_proof (test_workflow_cli.WorkflowCliTests.test_compatibility_pair_requires_accepted_pre_retirement_proof) ... ok

----------------------------------------------------------------------
Ran 1 test in 9.040s

OK
✔ premature retirement blocks; prior accepted compatibility permits retirement (9698.0766ms)
ℹ tests 70
ℹ suites 0
ℹ pass 70
ℹ fail 0
ℹ cancelled 0
ℹ skipped 0
ℹ todo 0
ℹ duration_ms 64772.6607
