 M .ai/workflow-reliability/state.md
 M CONTRIBUTING.md
 M README.md
 M SKILL.md
 M docs/architecture.md
 M docs/user-guide.md
 M evals/report.md
 M references/communication.md
 M references/delegation.md
 M references/design-doc.md
 M references/final-report.md
 M references/planning.md
 M references/research.md
 M references/review-and-pr.md
 M references/testing-and-e2e.md
 M references/workflow-gates.md
 M references/workspace.md
?? .ai/workflow-reliability/evidence/c3-independent-before.json
?? .ai/workflow-reliability/evidence/c3-independent-verify.py
?? .ai/workflow-reliability/evidence/c3-integration-checks.py
?? .ai/workflow-reliability/evidence/c3-integration-cli-tests.json
?? .ai/workflow-reliability/evidence/c3-integration-docs.json
?? .ai/workflow-reliability/evidence/c3-integration-docs.mjs
?? .ai/workflow-reliability/evidence/c3-integration-handoff.md
?? .ai/workflow-reliability/evidence/c3-integration-native.json
?? .ai/workflow-reliability/evidence/c3-integration-native.py
?? .ai/workflow-reliability/evidence/c3-integration-operator-guide-1280-dark.png
?? .ai/workflow-reliability/evidence/c3-integration-operator-guide-1280-light.png
?? .ai/workflow-reliability/evidence/c3-integration-operator-guide-390-dark.png
?? .ai/workflow-reliability/evidence/c3-integration-operator-guide-390-light.png
?? .ai/workflow-reliability/evidence/c3-integration-r2-docs.json
?? .ai/workflow-reliability/evidence/c3-integration-r2-operator-guide-1280-dark.png
?? .ai/workflow-reliability/evidence/c3-integration-r2-operator-guide-1280-light.png
?? .ai/workflow-reliability/evidence/c3-integration-r2-operator-guide-390-dark.png
?? .ai/workflow-reliability/evidence/c3-integration-r2-operator-guide-390-light.png
?? .ai/workflow-reliability/evidence/c3-integration-r2-readme-1280-dark.png
?? .ai/workflow-reliability/evidence/c3-integration-r2-readme-1280-light.png
?? .ai/workflow-reliability/evidence/c3-integration-r2-readme-390-dark.png
?? .ai/workflow-reliability/evidence/c3-integration-r2-readme-390-light.png
?? .ai/workflow-reliability/evidence/c3-integration-r2-readme-feature-navigation.png
?? .ai/workflow-reliability/evidence/c3-integration-r2-user-guide-1280-dark.png
?? .ai/workflow-reliability/evidence/c3-integration-r2-user-guide-1280-light.png
?? .ai/workflow-reliability/evidence/c3-integration-r2-user-guide-390-dark.png
?? .ai/workflow-reliability/evidence/c3-integration-r2-user-guide-390-light.png
?? .ai/workflow-reliability/evidence/c3-integration-readme-1280-dark.png
?? .ai/workflow-reliability/evidence/c3-integration-readme-1280-light.png
?? .ai/workflow-reliability/evidence/c3-integration-readme-390-dark.png
?? .ai/workflow-reliability/evidence/c3-integration-readme-390-light.png
?? .ai/workflow-reliability/evidence/c3-integration-seal.json
?? .ai/workflow-reliability/evidence/c3-integration-seal.py
?? .ai/workflow-reliability/evidence/c3-integration-user-guide-1280-dark.png
?? .ai/workflow-reliability/evidence/c3-integration-user-guide-1280-light.png
?? .ai/workflow-reliability/evidence/c3-integration-user-guide-390-dark.png
?? .ai/workflow-reliability/evidence/c3-integration-user-guide-390-light.png
?? .ai/workflow-reliability/evidence/q2-adapter-js-seam-handoff.md
?? scripts/tests/test_workflow_cli_boundaries.py
