✔ baseline args disable skills and do not load the skill (1.0762ms)
✔ bulletproof args load exactly the given skill on top of an isolated base (0.0956ms)
✔ bulletproof without a skill path throws (0.2545ms)
✔ unknown arm throws (0.084ms)
✔ both prompts point at the deliverable, SPEC, and .ts imports (0.2124ms)
✔ prompts stay neutral: no reuse/dependency/tool-choice hints that would leak trap guardrails (0.2161ms)
✔ only the bulletproof prompt invokes the workflow (0.08ms)
✔ both arms allow task records without relaxing deliverable or seed boundaries (0.1458ms)
✔ skill bundle includes executable sibling imports, references and assets (26.444ms)
✔ missing bundle payload fails and cleans only the owned partial directory (12.8783ms)
✔ prepWorkspace seeds shared + SPEC and never copies the held-out oracle (5.2332ms)
✔ summarize handles empty and computes mean/stddev/min/max (0.2367ms)
✔ passRate is the fraction of runs at/above the bar (0.1073ms)
✔ isConventionalCommit accepts type(scope)!: subject, rejects freeform (0.2148ms)
✔ scoreProcess: feature branch + conventional commit scores 1.0 (0.1026ms)
✔ scoreProcess: committing to main is a hard zero regardless of message (0.0382ms)
✔ scoreProcess: no commits at all scores 0 (no process followed) (0.039ms)
✔ scoreProcess: branched but non-conventional message scores partial (0.0445ms)
✔ cappedComposite: committing to main zeroes an otherwise-perfect composite (0.0609ms)
✔ cappedComposite: leaves the composite untouched when main was not committed to (0.0576ms)
✔ cappedComposite: no process observation (dry-run) never caps (0.0311ms)
✔ generates a distinct mutant per operator site (0.9839ms)
✔ flips relational and boundary operators (0.1178ms)
✔ flips boolean literals (0.0786ms)
✔ dedupes identical mutants and excludes no-ops (0.1063ms)
✔ respects the max bound (0.0883ms)
✔ does not touch ++, +=, or comment terminators (0.0809ms)
(node:49536) ExperimentalWarning: stripTypeScriptTypes is an experimental feature and might change at any time
(Use `node --trace-warnings ...` to show where the warning was created)
✔ native reporter counts only real leaves and explicitly serializes assertion causes (227.9414ms)
✔ test parents with nested subtests are containers, not duplicate leaves (222.1612ms)
✔ stdout spoofing is quoted data, never assertion proof (454.5793ms)
✔ zero tests, syntax errors and import failures cannot be kills (805.7912ms)
✔ setup and hooks take precedence over mixed genuine assertion failures (929.5143ms)
✔ skip/todo/cancellation and missing required baseline inventory are ungraded (1161.049ms)
✔ timeout and malformed/truncated reports fail closed (498.6589ms)
✔ syntax preflight uses the native TS parser without executing product code (289.2792ms)
(node:44580) ExperimentalWarning: stripTypeScriptTypes is an experimental feature and might change at any time
(Use `node --trace-warnings ...` to show where the warning was created)
✔ parseTap reads counts from a green TAP summary (1.9841ms)
✔ parseTap reads a failing summary (0.9634ms)
✔ parseTap returns zeros when the runner crashed (no summary) (0.1434ms)
✔ toDimensions maps a fully-probed arm to all-1s (0.1982ms)
✔ toDimensions returns null for unprobed dimensions (0.1205ms)
✔ toDimensions scores accuracy 0 when no tests ran (0.0644ms)
✔ toDimensions flips duplication/scope/extensibility to 0 on a hit/failure (0.0666ms)
✔ toDimensions scores partial reuse as a fraction (0.1115ms)
✔ composite of a single dimension equals that dimension (0.1441ms)
✔ composite renormalizes over non-null dimensions — n/a never drags the score (0.1711ms)
✔ composite blends present dimensions by renormalized weight (0.1906ms)
✔ composite handles weights that do not sum to 1 (0.0648ms)
✔ composite is 0 when every dimension is n/a (0.0521ms)
✔ composite ignores a present dimension absent from weights (pins a config footgun) (0.0603ms)
✔ hasForbiddenDep flags a forbidden name in dependencies or devDependencies (0.1099ms)
✔ hasForbiddenDep is false when no forbidden dep is declared directly (0.0608ms)
✔ hasForbiddenDep ignores absent manifest / empty name list (0.045ms)
✔ hasE2E detects real CLI spawn / HTTP / browser driving (0.0717ms)
✔ hasE2E is false for unit-only tests, empty sources, or no patterns (0.0379ms)
✔ toDimensions surfaces e2e (1 when a matching test ships, 0 when checked but absent) (0.0553ms)
✔ testQualityScore: absent or broken arm tests are a real 0, not null (0.0546ms)
✔ testQualityScore: tests present but not runnable by the runner → 0 (distinct from no-tests) (0.04ms)
✔ testQualityScore: kill-rate over graded mutants; skipped excluded (0.0467ms)
✔ testQualityScore: not applicable, or no valid mutants, is null (0.0475ms)
✔ toDimensions surfaces testQuality from the probe (0.0375ms)
✔ runTestQuality: bulletproof paginator kills every mutant; baseline ships no tests (4947.1984ms)
✔ runTestQuality: not applicable when the task does not opt in via quality.mutate (0.1975ms)
✔ runTestQuality: native assertions kill, shallow tests survive, logs do not kill (1174.394ms)
✔ runTestQuality: setup, spoofed error, zero/missing inventory and skip are not fake kills (2874.825ms)
✔ runTestQuality: file wrappers and broken/skipped baselines retain eval zero semantics (1056.0466ms)
ℹ tests 65
ℹ suites 0
ℹ pass 65
ℹ fail 0
ℹ cancelled 0
ℹ skipped 0
ℹ todo 0
ℹ duration_ms 10241.7302
