✔ baseline args disable skills and do not load the skill (1.0426ms)
✔ bulletproof args load exactly the given skill on top of an isolated base (0.0981ms)
✔ bulletproof without a skill path throws (0.2249ms)
✔ unknown arm throws (0.1007ms)
✔ both prompts point at the deliverable, SPEC, and .ts imports (0.1987ms)
✔ prompts stay neutral: no reuse/dependency/tool-choice hints that would leak trap guardrails (0.2034ms)
✔ only the bulletproof prompt invokes the workflow (0.0873ms)
✔ prepWorkspace seeds shared + SPEC and never copies the held-out oracle (6.488ms)
✔ summarize handles empty and computes mean/stddev/min/max (0.9518ms)
✔ passRate is the fraction of runs at/above the bar (0.1933ms)
✔ isConventionalCommit accepts type(scope)!: subject, rejects freeform (0.2713ms)
✔ scoreProcess: feature branch + conventional commit scores 1.0 (0.1289ms)
✔ scoreProcess: committing to main is a hard zero regardless of message (0.0507ms)
✔ scoreProcess: no commits at all scores 0 (no process followed) (0.0456ms)
✔ scoreProcess: branched but non-conventional message scores partial (0.073ms)
✔ cappedComposite: committing to main zeroes an otherwise-perfect composite (0.0531ms)
✔ cappedComposite: leaves the composite untouched when main was not committed to (0.0614ms)
✔ cappedComposite: no process observation (dry-run) never caps (0.0701ms)
✔ generates a distinct mutant per operator site (0.9775ms)
✔ flips relational and boundary operators (0.2283ms)
✔ flips boolean literals (0.084ms)
✔ dedupes identical mutants and excludes no-ops (0.1206ms)
✔ respects the max bound (0.1004ms)
✔ does not touch ++, +=, or comment terminators (0.0742ms)
(node:25232) ExperimentalWarning: stripTypeScriptTypes is an experimental feature and might change at any time
(Use `node --trace-warnings ...` to show where the warning was created)
✔ native reporter counts only real leaves and explicitly serializes assertion causes (222.9051ms)
✔ test parents with nested subtests are containers, not duplicate leaves (229.404ms)
✔ stdout spoofing is quoted data, never assertion proof (429.0174ms)
✔ zero tests, syntax errors and import failures cannot be kills (801.068ms)
✔ setup and hooks take precedence over mixed genuine assertion failures (870.0528ms)
✔ skip/todo/cancellation and missing required baseline inventory are ungraded (1134.5323ms)
✔ timeout and malformed/truncated reports fail closed (512.6192ms)
✔ syntax preflight uses the native TS parser without executing product code (284.0984ms)
(node:37500) ExperimentalWarning: stripTypeScriptTypes is an experimental feature and might change at any time
(Use `node --trace-warnings ...` to show where the warning was created)
✔ parseTap reads counts from a green TAP summary (1.8412ms)
✔ parseTap reads a failing summary (0.6707ms)
✔ parseTap returns zeros when the runner crashed (no summary) (0.08ms)
✔ toDimensions maps a fully-probed arm to all-1s (0.1268ms)
✔ toDimensions returns null for unprobed dimensions (0.107ms)
✔ toDimensions scores accuracy 0 when no tests ran (0.058ms)
✔ toDimensions flips duplication/scope/extensibility to 0 on a hit/failure (0.0694ms)
✔ toDimensions scores partial reuse as a fraction (0.0844ms)
✔ composite of a single dimension equals that dimension (0.11ms)
✔ composite renormalizes over non-null dimensions — n/a never drags the score (0.1398ms)
✔ composite blends present dimensions by renormalized weight (0.1605ms)
✔ composite handles weights that do not sum to 1 (0.0671ms)
✔ composite is 0 when every dimension is n/a (0.0449ms)
✔ composite ignores a present dimension absent from weights (pins a config footgun) (0.0459ms)
✔ hasForbiddenDep flags a forbidden name in dependencies or devDependencies (0.0849ms)
✔ hasForbiddenDep is false when no forbidden dep is declared directly (0.0585ms)
✔ hasForbiddenDep ignores absent manifest / empty name list (0.0592ms)
✔ hasE2E detects real CLI spawn / HTTP / browser driving (0.0799ms)
✔ hasE2E is false for unit-only tests, empty sources, or no patterns (0.0687ms)
✔ toDimensions surfaces e2e (1 when a matching test ships, 0 when checked but absent) (0.0798ms)
✔ testQualityScore: absent or broken arm tests are a real 0, not null (0.0479ms)
✔ testQualityScore: tests present but not runnable by the runner → 0 (distinct from no-tests) (0.0456ms)
✔ testQualityScore: kill-rate over graded mutants; skipped excluded (0.0422ms)
✔ testQualityScore: not applicable, or no valid mutants, is null (0.0407ms)
✔ toDimensions surfaces testQuality from the probe (0.0422ms)
✔ runTestQuality: bulletproof paginator kills every mutant; baseline ships no tests (4825.2079ms)
✔ runTestQuality: not applicable when the task does not opt in via quality.mutate (0.1571ms)
✔ runTestQuality: native assertions kill, shallow tests survive, logs do not kill (1032.7883ms)
✔ runTestQuality: setup, spoofed error, zero/missing inventory and skip are not fake kills (2585.2203ms)
✔ runTestQuality: file wrappers and broken/skipped baselines retain eval zero semantics (865.2625ms)
ℹ tests 62
ℹ suites 0
ℹ pass 62
ℹ fail 0
ℹ cancelled 0
ℹ skipped 0
ℹ todo 0
ℹ duration_ms 9487.0913
