test_atomic_write_preserves_old_bytes_on_replace_failure (test_evidence.EvidenceTests.test_atomic_write_preserves_old_bytes_on_replace_failure) ... ok
test_generated_outputs_do_not_hide_contracts (test_evidence.EvidenceTests.test_generated_outputs_do_not_hide_contracts) ... ok
test_invalid_json_does_not_touch_destination (test_evidence.EvidenceTests.test_invalid_json_does_not_touch_destination) ... ok
test_lock_collision_does_not_remove_original_owner (test_evidence.EvidenceTests.test_lock_collision_does_not_remove_original_owner) ... ok
test_lock_exception_releases_only_its_own_record (test_evidence.EvidenceTests.test_lock_exception_releases_only_its_own_record) ... ok
test_owned_git_fixture_preserves_bytes_and_reports_commands (test_evidence.EvidenceTests.test_owned_git_fixture_preserves_bytes_and_reports_commands) ... ok
test_rejects_traversal_absolute_and_excluded_inputs (test_evidence.EvidenceTests.test_rejects_traversal_absolute_and_excluded_inputs) ... ok
test_scope_is_canonical_and_preserves_missing_directory_state (test_evidence.EvidenceTests.test_scope_is_canonical_and_preserves_missing_directory_state) ... ok
test_snapshot_binds_bytes_membership_and_missing_paths (test_evidence.EvidenceTests.test_snapshot_binds_bytes_membership_and_missing_paths) ... ok
test_snapshot_rejects_directory_link_escape (test_evidence.EvidenceTests.test_snapshot_rejects_directory_link_escape) ... ok
test_current_mutation_rejects_nonobject_report_bindings (test_measurement_e2e.MeasurementE2ETests.test_current_mutation_rejects_nonobject_report_bindings) ... probe: running current-invocation native mutation ...
probe: running current-invocation native mutation ...
probe: running current-invocation native mutation ...
probe: running current-invocation native mutation ...
probe: running current-invocation native mutation ...
probe: running current-invocation native mutation ...
probe: running current-invocation native mutation ...
probe: running current-invocation native mutation ...
probe: running current-invocation native mutation ...
probe: running current-invocation native mutation ...
probe: running current-invocation native mutation ...
probe: running current-invocation native mutation ...
probe: running current-invocation native mutation ...
probe: running current-invocation native mutation ...
probe: running current-invocation native mutation ...
probe: running current-invocation native mutation ...
probe: running current-invocation native mutation ...
probe: running current-invocation native mutation ...
probe: running current-invocation native mutation ...
probe: running current-invocation native mutation ...
probe: running current-invocation native mutation ...
probe: running current-invocation native mutation ...
probe: running current-invocation native mutation ...
probe: running current-invocation native mutation ...
probe: running current-invocation native mutation ...
probe: running current-invocation native mutation ...
probe: running current-invocation native mutation ...
probe: running current-invocation native mutation ...
probe: running current-invocation native mutation ...
probe: running current-invocation native mutation ...
probe: running current-invocation native mutation ...
ok
test_explicit_native_discovery_uses_canonical_files (test_measurement_e2e.MeasurementE2ETests.test_explicit_native_discovery_uses_canonical_files) ... ok
test_public_probe_measured_failure_is_distinct_from_incomplete_proof (test_measurement_e2e.MeasurementE2ETests.test_public_probe_measured_failure_is_distinct_from_incomplete_proof) ... ok
test_public_probe_observes_unrelated_evidence_not_just_its_own_reports (test_measurement_e2e.MeasurementE2ETests.test_public_probe_observes_unrelated_evidence_not_just_its_own_reports) ... ok
test_baseline_zero_import_syntax_and_skips_fail_before_mutation (test_mutate.MutationTests.test_baseline_zero_import_syntax_and_skips_fail_before_mutation) ... ok
test_changed_python_cannot_be_hidden_by_candidate_selection (test_mutate.MutationTests.test_changed_python_cannot_be_hidden_by_candidate_selection) ... ok
test_competing_edit_preserved_with_recovery_bytes (test_mutate.MutationTests.test_competing_edit_preserved_with_recovery_bytes) ... ok
test_competing_report_write_is_not_overwritten (test_mutate.MutationTests.test_competing_report_write_is_not_overwritten) ... ok
test_dirty_untracked_contract_rejected_but_owned_output_is_not (test_mutate.MutationTests.test_dirty_untracked_contract_rejected_but_owned_output_is_not) ... ok
test_discovery_diffs_safe_operators_and_ambiguous_scope (test_mutate.MutationTests.test_discovery_diffs_safe_operators_and_ambiguous_scope) ... ok
test_exclusive_lock_blocks_a_second_measurement (test_mutate.MutationTests.test_exclusive_lock_blocks_a_second_measurement) ... ok
test_inherited_node_context_is_removed_and_bom_is_restored (test_mutate.MutationTests.test_inherited_node_context_is_removed_and_bom_is_restored) ... ok
test_legacy_quoted_commands_fail_and_custom_runner_is_unclassified (test_mutate.MutationTests.test_legacy_quoted_commands_fail_and_custom_runner_is_unclassified) ... ok
test_nested_package_and_spaced_argv_preserve_test_cwd_and_parameters (test_mutate.MutationTests.test_nested_package_and_spaced_argv_preserve_test_cwd_and_parameters) ... ok
test_probe_can_preallocate_shared_run_directory (test_mutate.MutationTests.test_probe_can_preallocate_shared_run_directory) ... ok
test_real_esm_and_cjs_kill_survivor_byte_restoration_and_nonce (test_mutate.MutationTests.test_real_esm_and_cjs_kill_survivor_byte_restoration_and_nonce) ... ok
test_setup_log_spoof_zero_missing_and_skipped_mutants_are_not_kills (test_mutate.MutationTests.test_setup_log_spoof_zero_missing_and_skipped_mutants_are_not_kills) ... ok
test_shared_metrics_publication_preserves_freshness_but_contracts_do_not (test_mutate.MutationTests.test_shared_metrics_publication_preserves_freshness_but_contracts_do_not) ... ok
test_syntax_preflight_rejects_generated_typescript_generic_mutant (test_mutate.MutationTests.test_syntax_preflight_rejects_generated_typescript_generic_mutant) ... ok
test_timeout_is_ungraded_and_restores_bytes (test_mutate.MutationTests.test_timeout_is_ungraded_and_restores_bytes) ... ok
test_esm_and_cjs_are_counted_as_code (test_probe.ExistingProbeBehaviorTests.test_esm_and_cjs_are_counted_as_code) ... ok
test_failed_or_empty_cycle_command_is_not_zero (test_probe.ExistingProbeBehaviorTests.test_failed_or_empty_cycle_command_is_not_zero) ... ok
test_missing_baseline_is_not_a_passing_comparison (test_probe.ExistingProbeBehaviorTests.test_missing_baseline_is_not_a_passing_comparison) ... ok
test_missing_static_results_are_not_zero (test_probe.ExistingProbeBehaviorTests.test_missing_static_results_are_not_zero) ... ok
test_one_greenfield_cycle_fails (test_probe.ExistingProbeBehaviorTests.test_one_greenfield_cycle_fails) ... ok
test_current_native_mutation_is_measured_even_when_other_proof_is_missing (test_probe.ProbeCliTests.test_current_native_mutation_is_measured_even_when_other_proof_is_missing) ... ok
test_invalid_baseline_never_becomes_greenfield (test_probe.ProbeCliTests.test_invalid_baseline_never_becomes_greenfield) ... ok
test_stale_score_is_not_used_after_current_mutation_failure (test_probe.ProbeCliTests.test_stale_score_is_not_used_after_current_mutation_failure) ... ok
test_unavailable_default_cli_fails_without_workflow_artifacts (test_probe.ProbeCliTests.test_unavailable_default_cli_fails_without_workflow_artifacts) ... ok
test_complexity_inventory_preserves_quoted_filename (test_probe.ProbePolicyTests.test_complexity_inventory_preserves_quoted_filename) ... ok
test_default_policy_cannot_omit_unimplemented_required_collectors (test_probe.ProbePolicyTests.test_default_policy_cannot_omit_unimplemented_required_collectors) ... ok
test_language_support_does_not_claim_python_cycles (test_probe.ProbePolicyTests.test_language_support_does_not_claim_python_cycles) ... ok
test_malformed_static_inventory_is_unsupported_not_a_crash (test_probe.ProbePolicyTests.test_malformed_static_inventory_is_unsupported_not_a_crash) ... ok
test_measured_without_value_and_empty_policy_are_invalid (test_probe.ProbePolicyTests.test_measured_without_value_and_empty_policy_are_invalid) ... ok
test_nonfinite_and_boolean_measurements_are_rejected (test_probe.ProbePolicyTests.test_nonfinite_and_boolean_measurements_are_rejected) ... ok
test_partial_complexity_csv_is_not_a_complete_measurement (test_probe.ProbePolicyTests.test_partial_complexity_csv_is_not_a_complete_measurement) ... ok
test_partial_scope_and_missing_comparison_cannot_complete (test_probe.ProbePolicyTests.test_partial_scope_and_missing_comparison_cannot_complete) ... ok
test_policy_distinguishes_missing_proof_from_measured_failure (test_probe.ProbePolicyTests.test_policy_distinguishes_missing_proof_from_measured_failure) ... ok
test_snapshot_ignores_own_output_but_not_other_contracts (test_probe.ProbePolicyTests.test_snapshot_ignores_own_output_but_not_other_contracts) ... ok
test_cli_forwards_unicode_with_cp1252_parent_encoding (test_run.CaptureTests.test_cli_forwards_unicode_with_cp1252_parent_encoding) ... ok
test_idle_and_total_timeouts (test_run.CaptureTests.test_idle_and_total_timeouts) ... ok
test_legacy_signature_and_missing_program (test_run.CaptureTests.test_legacy_signature_and_missing_program) ... ok
test_partial_lines_count_as_progress (test_run.CaptureTests.test_partial_lines_count_as_progress) ... ok
test_utf8_env_and_stream_cleanup (test_run.CaptureTests.test_utf8_env_and_stream_cleanup) ... ok

----------------------------------------------------------------------
Ran 54 tests in 704.748s

OK
