✔ baseline args disable skills and do not load the skill (1.0488ms)
✔ bulletproof args load exactly the given skill on top of an isolated base (0.134ms)
✔ bulletproof without a skill path throws (0.2399ms)
✔ unknown arm throws (0.0979ms)
✔ both prompts point at the deliverable, SPEC, and .ts imports (0.2009ms)
✔ prompts stay neutral: no reuse/dependency/tool-choice hints that would leak trap guardrails (0.1884ms)
✔ only the bulletproof prompt invokes the workflow (0.0836ms)
✔ prepWorkspace seeds shared + SPEC and never copies the held-out oracle (6.3726ms)
✔ summarize handles empty and computes mean/stddev/min/max (1.1211ms)
✔ passRate is the fraction of runs at/above the bar (0.482ms)
✔ isConventionalCommit accepts type(scope)!: subject, rejects freeform (0.3028ms)
✔ scoreProcess: feature branch + conventional commit scores 1.0 (0.1225ms)
✔ scoreProcess: committing to main is a hard zero regardless of message (0.0511ms)
✔ scoreProcess: no commits at all scores 0 (no process followed) (0.042ms)
✔ scoreProcess: branched but non-conventional message scores partial (0.0746ms)
✔ cappedComposite: committing to main zeroes an otherwise-perfect composite (0.05ms)
✔ cappedComposite: leaves the composite untouched when main was not committed to (0.054ms)
✔ cappedComposite: no process observation (dry-run) never caps (0.0577ms)
✔ generates a distinct mutant per operator site (1.0068ms)
✔ flips relational and boundary operators (0.1238ms)
✔ flips boolean literals (0.0787ms)
✔ dedupes identical mutants and excludes no-ops (0.1183ms)
✔ respects the max bound (0.0923ms)
✔ does not touch ++, +=, or comment terminators (0.0736ms)
(node:24604) ExperimentalWarning: stripTypeScriptTypes is an experimental feature and might change at any time
(Use `node --trace-warnings ...` to show where the warning was created)
✔ native reporter counts only real leaves and explicitly serializes assertion causes (235.9818ms)
✔ test parents with nested subtests are containers, not duplicate leaves (226.6529ms)
✔ stdout spoofing is quoted data, never assertion proof (430.2064ms)
✔ zero tests, syntax errors and import failures cannot be kills (1047.4845ms)
✔ setup and hooks take precedence over mixed genuine assertion failures (936.6387ms)
✔ skip/todo/cancellation and missing required baseline inventory are ungraded (1143.8976ms)
✔ timeout and malformed/truncated reports fail closed (492.4416ms)
✔ syntax preflight uses the native TS parser without executing product code (281.5588ms)
(node:15168) ExperimentalWarning: stripTypeScriptTypes is an experimental feature and might change at any time
(Use `node --trace-warnings ...` to show where the warning was created)
✔ parseTap reads counts from a green TAP summary (1.9854ms)
✔ parseTap reads a failing summary (0.8178ms)
✔ parseTap returns zeros when the runner crashed (no summary) (0.1157ms)
✔ toDimensions maps a fully-probed arm to all-1s (0.159ms)
✔ toDimensions returns null for unprobed dimensions (0.1086ms)
✔ toDimensions scores accuracy 0 when no tests ran (0.0607ms)
✔ toDimensions flips duplication/scope/extensibility to 0 on a hit/failure (0.0675ms)
✔ toDimensions scores partial reuse as a fraction (0.0909ms)
✔ composite of a single dimension equals that dimension (0.1569ms)
✔ composite renormalizes over non-null dimensions — n/a never drags the score (0.1652ms)
✔ composite blends present dimensions by renormalized weight (0.1911ms)
✔ composite handles weights that do not sum to 1 (0.0718ms)
✔ composite is 0 when every dimension is n/a (0.0551ms)
✔ composite ignores a present dimension absent from weights (pins a config footgun) (0.0471ms)
✔ hasForbiddenDep flags a forbidden name in dependencies or devDependencies (0.0905ms)
✔ hasForbiddenDep is false when no forbidden dep is declared directly (0.0802ms)
✔ hasForbiddenDep ignores absent manifest / empty name list (0.0637ms)
✔ hasE2E detects real CLI spawn / HTTP / browser driving (0.0786ms)
✔ hasE2E is false for unit-only tests, empty sources, or no patterns (0.0397ms)
✔ toDimensions surfaces e2e (1 when a matching test ships, 0 when checked but absent) (0.0784ms)
✔ testQualityScore: absent or broken arm tests are a real 0, not null (0.0416ms)
✔ testQualityScore: tests present but not runnable by the runner → 0 (distinct from no-tests) (0.0575ms)
✔ testQualityScore: kill-rate over graded mutants; skipped excluded (0.0447ms)
✔ testQualityScore: not applicable, or no valid mutants, is null (0.039ms)
✔ toDimensions surfaces testQuality from the probe (0.0408ms)
✔ runTestQuality: bulletproof paginator kills every mutant; baseline ships no tests (5140.0078ms)
✔ runTestQuality: not applicable when the task does not opt in via quality.mutate (0.2389ms)
✔ runTestQuality: native assertions kill, shallow tests survive, logs do not kill (1041.4068ms)
✔ runTestQuality: setup, spoofed error, zero/missing inventory and skip are not fake kills (2541.3755ms)
✔ runTestQuality: file wrappers and broken/skipped baselines retain eval zero semantics (889.875ms)
ℹ tests 62
ℹ suites 0
ℹ pass 62
ℹ fail 0
ℹ cancelled 0
ℹ skipped 0
ℹ todo 0
ℹ duration_ms 9796.2305
