test_current_mutation_rejects_nonobject_report_bindings (test_measurement_e2e.MeasurementE2ETests.test_current_mutation_rejects_nonobject_report_bindings) ... probe: running current-invocation native mutation ...
probe: running current-invocation native mutation ...
probe: running current-invocation native mutation ...
probe: running current-invocation native mutation ...
probe: running current-invocation native mutation ...
probe: running current-invocation native mutation ...
probe: running current-invocation native mutation ...
probe: running current-invocation native mutation ...
probe: running current-invocation native mutation ...
probe: running current-invocation native mutation ...
probe: running current-invocation native mutation ...
probe: running current-invocation native mutation ...
probe: running current-invocation native mutation ...
probe: running current-invocation native mutation ...
probe: running current-invocation native mutation ...
probe: running current-invocation native mutation ...
probe: running current-invocation native mutation ...
probe: running current-invocation native mutation ...
probe: running current-invocation native mutation ...
probe: running current-invocation native mutation ...
probe: running current-invocation native mutation ...
probe: running current-invocation native mutation ...
probe: running current-invocation native mutation ...
probe: running current-invocation native mutation ...
probe: running current-invocation native mutation ...
probe: running current-invocation native mutation ...
probe: running current-invocation native mutation ...
probe: running current-invocation native mutation ...
probe: running current-invocation native mutation ...
probe: running current-invocation native mutation ...
probe: running current-invocation native mutation ...
ok
test_explicit_native_discovery_uses_canonical_files (test_measurement_e2e.MeasurementE2ETests.test_explicit_native_discovery_uses_canonical_files) ... ok
test_public_probe_measured_failure_is_distinct_from_incomplete_proof (test_measurement_e2e.MeasurementE2ETests.test_public_probe_measured_failure_is_distinct_from_incomplete_proof) ... ok
test_public_probe_observes_unrelated_evidence_not_just_its_own_reports (test_measurement_e2e.MeasurementE2ETests.test_public_probe_observes_unrelated_evidence_not_just_its_own_reports) ... ok

----------------------------------------------------------------------
Ran 4 tests in 358.346s

OK
