✔ baseline args disable skills and do not load the skill (1.8986ms)
✔ bulletproof args load exactly the given skill on top of an isolated base (0.1845ms)
✔ bulletproof without a skill path throws (0.2856ms)
✔ unknown arm throws (0.1062ms)
✔ both prompts point at the deliverable, SPEC, and .ts imports (0.2078ms)
✔ prompts stay neutral: no reuse/dependency/tool-choice hints that would leak trap guardrails (0.1884ms)
✔ only the bulletproof prompt invokes the workflow (0.0916ms)
✔ prepWorkspace seeds shared + SPEC and never copies the held-out oracle (6.8529ms)
✔ summarize handles empty and computes mean/stddev/min/max (1.128ms)
✔ passRate is the fraction of runs at/above the bar (0.8078ms)
✔ isConventionalCommit accepts type(scope)!: subject, rejects freeform (0.2583ms)
✔ scoreProcess: feature branch + conventional commit scores 1.0 (0.1292ms)
✔ scoreProcess: committing to main is a hard zero regardless of message (0.0506ms)
✔ scoreProcess: no commits at all scores 0 (no process followed) (0.0423ms)
✔ scoreProcess: branched but non-conventional message scores partial (0.0769ms)
✔ cappedComposite: committing to main zeroes an otherwise-perfect composite (0.0522ms)
✔ cappedComposite: leaves the composite untouched when main was not committed to (0.061ms)
✔ cappedComposite: no process observation (dry-run) never caps (0.0672ms)
✔ generates a distinct mutant per operator site (1.045ms)
✔ flips relational and boundary operators (0.1319ms)
✔ flips boolean literals (0.0842ms)
✔ dedupes identical mutants and excludes no-ops (0.1163ms)
✔ respects the max bound (0.0891ms)
✔ does not touch ++, +=, or comment terminators (0.075ms)
✔ parseTap reads counts from a green TAP summary (2.0074ms)
✔ parseTap reads a failing summary (0.2273ms)
✔ parseTap returns zeros when the runner crashed (no summary) (0.0971ms)
✔ toDimensions maps a fully-probed arm to all-1s (0.1606ms)
✔ toDimensions returns null for unprobed dimensions (0.1226ms)
✔ toDimensions scores accuracy 0 when no tests ran (0.0708ms)
✔ toDimensions flips duplication/scope/extensibility to 0 on a hit/failure (0.0692ms)
✔ toDimensions scores partial reuse as a fraction (0.0653ms)
✔ composite of a single dimension equals that dimension (0.1446ms)
✔ composite renormalizes over non-null dimensions — n/a never drags the score (1.271ms)
✔ composite blends present dimensions by renormalized weight (0.2174ms)
✔ composite handles weights that do not sum to 1 (0.0812ms)
✔ composite is 0 when every dimension is n/a (0.0547ms)
✔ composite ignores a present dimension absent from weights (pins a config footgun) (0.0553ms)
✔ hasForbiddenDep flags a forbidden name in dependencies or devDependencies (0.0904ms)
✔ hasForbiddenDep is false when no forbidden dep is declared directly (0.0426ms)
✔ hasForbiddenDep ignores absent manifest / empty name list (0.0604ms)
✔ hasE2E detects real CLI spawn / HTTP / browser driving (0.1297ms)
✔ hasE2E is false for unit-only tests, empty sources, or no patterns (0.0507ms)
✔ toDimensions surfaces e2e (1 when a matching test ships, 0 when checked but absent) (0.0598ms)
✔ testQualityScore: absent or broken arm tests are a real 0, not null (0.0403ms)
✔ testQualityScore: tests present but not runnable by the runner → 0 (distinct from no-tests) (0.0375ms)
✔ testQualityScore: kill-rate over graded mutants; skipped excluded (0.0416ms)
✔ testQualityScore: not applicable, or no valid mutants, is null (0.04ms)
✔ toDimensions surfaces testQuality from the probe (0.0398ms)
✔ runTestQuality: bulletproof paginator kills every mutant; baseline ships no tests (6322.4139ms)
✔ runTestQuality: not applicable when the task does not opt in via quality.mutate (0.2497ms)
ℹ tests 51
ℹ suites 0
ℹ pass 51
ℹ fail 0
ℹ cancelled 0
ℹ skipped 0
ℹ todo 0
ℹ duration_ms 6725.5662
