✔ baseline args disable skills and do not load the skill (1.0226ms)
✔ bulletproof args load exactly the given skill on top of an isolated base (0.0975ms)
✔ bulletproof without a skill path throws (0.2247ms)
✔ unknown arm throws (0.0946ms)
✔ both prompts point at the deliverable, SPEC, and .ts imports (0.2205ms)
✔ prompts stay neutral: no reuse/dependency/tool-choice hints that would leak trap guardrails (0.23ms)
✔ only the bulletproof prompt invokes the workflow (0.08ms)
✔ prepWorkspace seeds shared + SPEC and never copies the held-out oracle (8.0458ms)
✔ summarize handles empty and computes mean/stddev/min/max (0.9745ms)
✔ passRate is the fraction of runs at/above the bar (0.2022ms)
✔ isConventionalCommit accepts type(scope)!: subject, rejects freeform (1.3143ms)
✔ scoreProcess: feature branch + conventional commit scores 1.0 (0.1398ms)
✔ scoreProcess: committing to main is a hard zero regardless of message (0.0538ms)
✔ scoreProcess: no commits at all scores 0 (no process followed) (0.0444ms)
✔ scoreProcess: branched but non-conventional message scores partial (0.0773ms)
✔ cappedComposite: committing to main zeroes an otherwise-perfect composite (0.0506ms)
✔ cappedComposite: leaves the composite untouched when main was not committed to (0.0679ms)
✔ cappedComposite: no process observation (dry-run) never caps (0.08ms)
✔ generates a distinct mutant per operator site (1.75ms)
✔ flips relational and boundary operators (0.1333ms)
✔ flips boolean literals (0.0826ms)
✔ dedupes identical mutants and excludes no-ops (0.2016ms)
✔ respects the max bound (0.3312ms)
✔ does not touch ++, +=, or comment terminators (0.0977ms)
✔ parseTap reads counts from a green TAP summary (2.1611ms)
✔ parseTap reads a failing summary (0.1891ms)
✔ parseTap returns zeros when the runner crashed (no summary) (0.0718ms)
✔ toDimensions maps a fully-probed arm to all-1s (0.1367ms)
✔ toDimensions returns null for unprobed dimensions (0.109ms)
✔ toDimensions scores accuracy 0 when no tests ran (0.0898ms)
✔ toDimensions flips duplication/scope/extensibility to 0 on a hit/failure (0.112ms)
✔ toDimensions scores partial reuse as a fraction (0.0836ms)
✔ composite of a single dimension equals that dimension (0.5058ms)
✔ composite renormalizes over non-null dimensions — n/a never drags the score (1.0974ms)
✔ composite blends present dimensions by renormalized weight (0.2581ms)
✔ composite handles weights that do not sum to 1 (0.0874ms)
✔ composite is 0 when every dimension is n/a (0.0469ms)
✔ composite ignores a present dimension absent from weights (pins a config footgun) (0.051ms)
✔ hasForbiddenDep flags a forbidden name in dependencies or devDependencies (0.1018ms)
✔ hasForbiddenDep is false when no forbidden dep is declared directly (0.0418ms)
✔ hasForbiddenDep ignores absent manifest / empty name list (0.0512ms)
✔ hasE2E detects real CLI spawn / HTTP / browser driving (0.08ms)
✔ hasE2E is false for unit-only tests, empty sources, or no patterns (0.0531ms)
✔ toDimensions surfaces e2e (1 when a matching test ships, 0 when checked but absent) (0.0805ms)
✔ testQualityScore: absent or broken arm tests are a real 0, not null (0.0448ms)
✔ testQualityScore: tests present but not runnable by the runner → 0 (distinct from no-tests) (0.0372ms)
✔ testQualityScore: kill-rate over graded mutants; skipped excluded (0.0408ms)
✔ testQualityScore: not applicable, or no valid mutants, is null (0.0372ms)
✔ toDimensions surfaces testQuality from the probe (0.0463ms)
✔ runTestQuality: bulletproof paginator kills every mutant; baseline ships no tests (5871.1158ms)
✔ runTestQuality: not applicable when the task does not opt in via quality.mutate (0.3452ms)
ℹ tests 51
ℹ suites 0
ℹ pass 51
ℹ fail 0
ℹ cancelled 0
ℹ skipped 0
ℹ todo 0
ℹ duration_ms 6127.4197
