TAP version 13
# Subtest: real HTTP commits metadata with exact revision headers
ok 1 - real HTTP commits metadata with exact revision headers
  ---
  duration_ms: 162.6986
  type: 'test'
  ...
# Subtest: HTTP rejects malformed revision JSON media type and local origin
ok 2 - HTTP rejects malformed revision JSON media type and local origin
  ---
  duration_ms: 76.7571
  type: 'test'
  ...
# Subtest: static allowlist and method boundary expose no data
ok 3 - static allowlist and method boundary expose no data
  ---
  duration_ms: 23.6827
  type: 'test'
  ...
# Subtest: HTTP graph commands are atomic and no-op preserves revision and disk
ok 4 - HTTP graph commands are atomic and no-op preserves revision and disk
  ---
  duration_ms: 463.8025
  type: 'test'
  ...
# Subtest: v2 create edit priority and combined filter persist through reopen
ok 5 - v2 create edit priority and combined filter persist through reopen
  ---
  duration_ms: 177.1031
  type: 'test'
  ...
# Subtest: streaming oversized body gets an actionable 413 not a reset socket
ok 6 - streaming oversized body gets an actionable 413 not a reset socket
  ---
  duration_ms: 118.8155
  type: 'test'
  ...
# Subtest: storage failure is 503 and unexpected error is 500 without path or stack disclosure
ok 7 - storage failure is 503 and unexpected error is 500 without path or stack disclosure
  ---
  duration_ms: 78.2531
  type: 'test'
  ...
# Subtest: CLI parsing preserves useful usage errors and valid port boundaries
ok 8 - CLI parsing preserves useful usage errors and valid port boundaries
  ---
  duration_ms: 1.9625
  type: 'test'
  ...
# Subtest: offline migration refuses missing data and unsupported flags without creating or converting data
ok 9 - offline migration refuses missing data and unsupported flags without creating or converting data
  ---
  duration_ms: 906.8642
  type: 'test'
  ...
# Subtest: an excluded first task cannot consume the first filtered page
ok 10 - an excluded first task cannot consume the first filtered page
  ---
  duration_ms: 122.6905
  type: 'test'
  ...
# Subtest: process termination before and after commit retains complete snapshot
ok 11 - process termination before and after commit retains complete snapshot
  ---
  duration_ms: 1074.5122
  type: 'test'
  ...
# Subtest: real CLI logs address checks health and refuses occupied lock or port
ok 12 - real CLI logs address checks health and refuses occupied lock or port
  ---
  duration_ms: 950.7861
  type: 'test'
  ...
# Subtest: real CLI starts healthy and its graceful signal handler releases the lock
ok 13 - real CLI starts healthy and its graceful signal handler releases the lock
  ---
  duration_ms: 315.417
  type: 'test'
  ...
# Subtest: expand decodes real v1 and strict v2 without changing API spelling
ok 14 - expand decodes real v1 and strict v2 without changing API spelling
  ---
  duration_ms: 3.6814
  type: 'test'
  ...
# Subtest: contract retains v1 reading but rejects all old writes without touching bytes
ok 15 - contract retains v1 reading but rejects all old writes without touching bytes
  ---
  duration_ms: 21.6208
  type: 'test'
  ...
# Subtest: offline CLI converts genuine fixture with byte-exact backup and repeat no-op
ok 16 - offline CLI converts genuine fixture with byte-exact backup and repeat no-op
  ---
  duration_ms: 858.8222
  type: 'test'
  ...
# Subtest: migration after precommit failure accepts matching backup but rejects mismatch
ok 17 - migration after precommit failure accepts matching backup but rejects mismatch
  ---
  duration_ms: 315.8145
  type: 'test'
  ...
# Subtest: offline rollback explicitly loses post-migration writes while archiving v2
ok 18 - offline rollback explicitly loses post-migration writes while archiving v2
  ---
  duration_ms: 321.9748
  type: 'test'
  ...
# Subtest: migration refuses locked corrupt unknown and mixed data without mutation
ok 19 - migration refuses locked corrupt unknown and mixed data without mutation
  ---
  duration_ms: 917.1038
  type: 'test'
  ...
# Subtest: captured legacy HTTP reads then migration priority AND filtering and restart
ok 20 - captured legacy HTTP reads then migration priority AND filtering and restart
  ---
  duration_ms: 347.6632
  type: 'test'
  ...
# Subtest: worked F-query filters before paging and dashboard ignores page filters
ok 21 - worked F-query filters before paging and dashboard ignores page filters
  ---
  duration_ms: 292.2663
  type: 'test'
  ...
# Subtest: strict query rejects duplicate keys invalid enums and unsafe pagination
ok 22 - strict query rejects duplicate keys invalid enums and unsafe pagination
  ---
  duration_ms: 47.7769
  type: 'test'
  ...
# Subtest: valid persisted records need not be stored in display order
ok 23 - valid persisted records need not be stored in display order
  ---
  duration_ms: 20.7864
  type: 'test'
  ...
# Subtest: dependent task lifecycle validates final candidate and reopens in reverse order
ok 24 - dependent task lifecycle validates final candidate and reopens in reverse order
  ---
  duration_ms: 123.0225
  type: 'test'
  ...
# Subtest: graph rejects missing self duplicate cross-project and long cycles atomically
ok 25 - graph rejects missing self duplicate cross-project and long cycles atomically
  ---
  duration_ms: 54.8734
  type: 'test'
  ...
# Subtest: combined status edges PATCH is property-order independent
ok 26 - combined status edges PATCH is property-order independent
  ---
  duration_ms: 709.0923
  type: 'test'
  ...
# Subtest: strict disk shape graph counters and Unicode limits reject corrupt snapshots
ok 27 - strict disk shape graph counters and Unicode limits reject corrupt snapshots
  ---
  duration_ms: 5.3576
  type: 'test'
  ...
# Subtest: capacity and counter exhaustion reject commands without consuming allocations
ok 28 - capacity and counter exhaustion reject commands without consuming allocations
  ---
  duration_ms: 1118.1408
  type: 'test'
  ...
# Subtest: command wrong types and explicit null do not become defaults or missing IDs
ok 29 - command wrong types and explicit null do not become defaults or missing IDs
  ---
  duration_ms: 11.1549
  type: 'test'
  ...
# Subtest: create edit restart and isolated snapshots
ok 30 - create edit restart and isolated snapshots
  ---
  duration_ms: 72.0036
  type: 'test'
  ...
# Subtest: Unicode code points not UTF16 units define title limits
ok 31 - Unicode code points not UTF16 units define title limits
  ---
  duration_ms: 17.1502
  type: 'test'
  ...
# Subtest: concurrent writers conflict and failed IO preserves bytes and queue recovers
ok 32 - concurrent writers conflict and failed IO preserves bytes and queue recovers
  ---
  duration_ms: 87.5614
  type: 'test'
  ...
# Subtest: strict inputs preserve exact committed bytes
ok 33 - strict inputs preserve exact committed bytes
  ---
  duration_ms: 165.2833
  type: 'test'
  ...
# Subtest: lock ownership corruption and unknown schema never overwrite files
ok 34 - lock ownership corruption and unknown schema never overwrite files
  ---
  duration_ms: 166.1792
  type: 'test'
  ...
# Subtest: real incompatible rename destination preserves previous bytes and transaction queue
ok 35 - real incompatible rename destination preserves previous bytes and transaction queue
  ---
  duration_ms: 88.8291
  type: 'test'
  ...
# Subtest: closed store refuses callers and pending writes drain before lock release
ok 36 - closed store refuses callers and pending writes drain before lock release
  ---
  duration_ms: 94.0614
  type: 'test'
  ...
1..36
# tests 36
# suites 0
# pass 36
# fail 0
# cancelled 0
# skipped 0
# todo 0
# duration_ms 3172.1304
# start of coverage report
# -------------------------------------------------------------
# file         | line % | branch % | funcs % | uncovered lines
# -------------------------------------------------------------
# src          |        |          |         | 
#  errors.mjs  | 100.00 |   100.00 |  100.00 | 
#  main.mjs    | 100.00 |    91.30 |   80.00 | 
#  migrate.mjs | 100.00 |   100.00 |  100.00 | 
#  planner.mjs | 100.00 |    98.04 |  100.00 | 
#  rules.mjs   | 100.00 |    98.95 |  100.00 | 
#  schema.mjs  | 100.00 |    98.63 |  100.00 | 
#  server.mjs  | 100.00 |    98.78 |   88.89 | 
#  store.mjs   |  97.20 |    90.16 |  100.00 | 117-120
# -------------------------------------------------------------
# all files    |  99.33 |    96.92 |   96.63 | 
# -------------------------------------------------------------
# end of coverage report
